[2026-08-06 06:00 +08] MLK Entity Extraction starting...
[2026-08-06 06:00 +08] Processing: CRITICAL-01-kosmo-giliran-melaka-bn-abrauf-20260802
[2026-08-06 06:00 +08] Processing: CRITICAL-02-kosmo-melaka-bn-plus-formula-20260802
[2026-08-06 06:00 +08] Processing: CRITICAL-03-kosmo-akmal-dap-kubu-retak-20260802
[2026-08-06 06:00 +08] Processing: CRITICAL-04-utusan-zahid-gelombang-biru-prn-melaka-20260801
[2026-08-06 06:00 +08] Processing: HIGH-04-kosmo-ramalan-bnpn-melaka-ahmadmaslan-20260802
[2026-08-06 06:00 +08] Processing: HIGH-05-kosmo-3exco-bn-pentadbiran-baharu-ns-20260804
[2026-08-06 06:00 +08] Processing: HIGH-06-kosmo-melaka-e-mel-rakyat-abrauf-20260723
[2026-08-06 06:00 +08] Processing: HIGH-07-kosmo-umno-14-tawaran-pn-ahmadmaslan-20260726
[2026-08-06 06:00 +08] Processing: HIGH-08-kosmo-rundingan-pas-umno-ns-annuarmusa-20260714
[2026-08-06 06:00 +08] Processing: HIGH-09-kosmo-zahid-pas-tiang-gol-20260713
[2026-08-06 06:00 +08] Processing: HIGH-10-kosmo-penyatuan-undi-melayu-khairy-20260720
[2026-08-06 06:00 +08] Processing: HIGH-11-wikipedia-2026-malacca-state-election-UPDATED-20260806
[2026-08-06 06:00 +08] Processing: MED-12-kosmo-pengundi-sukar-diramal-iris-20260805
[2026-08-06 06:00 +08] Processing: PIR03-adly-dsa2026-azerbaijan-bilateral-facebook-snippet
[2026-08-06 06:00 +08] Processing: PIR03-adly-national-defence-policy-talk-maktab-ketahanan-20260317
[2026-08-06 06:00 +08] Processing: PIR03-bernamabiz-mindef-rm3.54b-contracts-dsa2026-20260422
[2026-08-06 06:00 +08] Processing: PIR03-bernama-dsa-natsec-2026-adly-20260419
[2026-08-06 06:00 +08] Processing: PIR03-mod-gov-my-adly-kem-terendak-ia-atm-melaka-20260408-KEYSTONE
[2026-08-06 06:00 +08] Processing: PIR03-utusan-adly-ikhtiar-autisme-melaka-20260407
[2026-08-06 06:00 +08] Processing: PIR04-pac-publications-2026-reports-confirmed-pdf-urls
[2026-08-06 06:00 +08] Processing: PIR05-09-astroawani-umno-190-rejoin-masjid-tanah-20260518
[2026-08-06 06:00 +08] Processing: PIR05-10-hmetro-ph-mesyuarat-8-ogos-20260802
[2026-08-06 06:00 +08] Processing: PIR05-10-sundaily-melaka-wont-fill-ph-vacancies-20260717
[2026-08-06 06:00 +08] Processing: PIR05-KEYSTONE-pas-16-kerusi-prn-melaka-utusan-20260429
[2026-08-06 06:00 +08] Processing: PIR05-sinar-melaka-medan-uji-keserasian-pnbn-20260804
[2026-08-06 06:00 +08] Processing: PIR09-05-KEYSTONE-wikipedia-wawasan-negara-structure-20260706
[2026-08-06 06:00 +08] Processing: PIR09-KEYSTONE-mas-ermieyati-quits-bersatu-masjid-tanah-20260219
[2026-08-06 06:00 +08] Processing: PIR09-KEYSTONE-wawasan-launch-mas-ermieyati-aligned-20260613
[2026-08-06 06:00 +08] Processing: PIR10-nst-amanah-wider-cooperation-adly-20260802
[2026-08-06 06:00 +08] Processing: PIR10-utusan-ph-melaka-muktamad-keluar-20260716
[2026-08-06 06:00 +08] Processing: PIR11-hmetro-cabinet-reshuffle-dec2025-sakmud-promoted
[2026-08-06 06:00 +08] Processing: PIR11-malaysiapost-adam-adli-ptptn-reform-20260617
[2026-08-06 06:00 +08] Processing: PIR11-puad-netizen-adam-adli-ptptn-challenge-20251216
[2026-08-06 06:00 +08] Processing: PIR12-15-fmt-radzi-jidin-pn-melaka-leadership-20260514-KEYSTONE
[2026-08-06 06:00 +08] Processing: PIR12-15-tiktok-facebook-bakri-dewan-rakyat-zulkifli-ulama-roles
[2026-08-06 06:00 +08] Processing: PIR14-malaymail-adam-adli-acting-mpn-jul2026
[2026-08-06 06:00 +08] Processing: PIR14-malaysiakini-shamsul-digugurkan-pkr-melaka-20251216-KEYSTONE
[2026-08-06 06:00 +08] Processing: PIR14-parlimen-gov-my-shamsul-archived-mp-profile-L1
[2026-08-06 06:00 +08] Processing: PIR14-sinarharian-shamsul-reformasi-pisau-kiri-20250921
[2026-08-06 06:00 +08] Processing: PIR14-thevibes-adam-adli-acting-pkr-melaka-chairman-20251217
[2026-08-06 06:00 +08] Processing: PIR15-harakah-bakri-pm-kumar-lobak-campaign-20260731
[2026-08-06 06:00 +08] Processing: PIR15-mymp-bakri-parliamentary-record-117-questions-KEYSTONE
[2026-08-06 06:00 +08] Processing: PIR15-star-bakri-baba-nyonya-parliament-speech-20260121-KEYSTONE
[2026-08-06 06:00 +08] Processing: PIR-ALL-wikipedia-prn-melaka-2026-constituency-list
[2026-08-06 06:00 +08] Entity extraction complete. 132 total matches across 44 files.
[2026-08-06 06:00 +08] Output: /home/p62operator/.openclaw/workspace-mlk/04-DATA-AND-SOURCES/processed-entities/20260806
