[2026-08-05 14:00 +08] MLK Entity Extraction starting...
[2026-08-05 14:00 +08] Processing: CONTEXT-malaymail-malaysia-news-index-20260804
[2026-08-05 14:00 +08] Processing: CONTEXT-malaymail-melaka-tag-20260804
[2026-08-05 14:00 +08] Processing: PIR01-06-malaymail-abrauf-bn-plus-open-negotiations-20260802
[2026-08-05 14:00 +08] Processing: PIR01-06-scoop-dap-keluar-kerajaan-melaka-20260714
[2026-08-05 14:00 +08] Processing: PIR01-06-star-abrauf-hints-state-polls-4-months-20260517
[2026-08-05 14:00 +08] Processing: PIR01-06-utusan-abrauf-melaka-medan-kebangkitan-umno-20260502
[2026-08-05 14:00 +08] Processing: PIR01-bncomms-abrauf-governance-maim-mcorp-20260421
[2026-08-05 14:00 +08] Processing: PIR01-melakahariini-abrauf-jamin-pentadbiran-stabil-20260715
[2026-08-05 14:00 +08] Processing: PIR01-melakahariini-bajet-2026-rm528juta-20251205
[2026-08-05 14:00 +08] Processing: PIR01-mykmu-abrauf-kampung-digital-governance-20260421
[2026-08-05 14:00 +08] Processing: PIR01-rtm-abrauf-adun-lantikan-amendment-20260714
[2026-08-05 14:00 +08] Processing: PIR02-07-star-dap-anti-akmal-johor-double-standard-20260705
[2026-08-05 14:00 +08] Processing: PIR02-07-umnoonline-akmal-bidas-adly-melaka-johor-20260622
[2026-08-05 14:00 +08] Processing: PIR02-08-kosmo-akmal-resigns-exco-20260205
[2026-08-05 14:00 +08] Processing: PIR02-fmt-akmal-bring-it-on-dap-youth-quit-20260528
[2026-08-05 14:00 +08] Processing: PIR02-malaymail-teresa-kok-akmal-defamation-trial-20260112
[2026-08-05 14:00 +08] Processing: PIR02-nst-akmal-not-anti-chinese-keluar-sekejap-20260212
[2026-08-05 14:00 +08] Processing: PIR02-scoop-pusatkomas-akmal-divisive-racism-report-20260116
[2026-08-05 14:00 +08] Processing: PIR02-star-akmal-fight-dap-not-chinese-20260726
[2026-08-05 14:00 +08] Processing: PIR03-airtimes-adly-mindef-capability-gaps-20251006
[2026-08-05 14:00 +08] Processing: PIR03-airtimes-adly-perhebat-transformation-2026-20260206
[2026-08-05 14:00 +08] Processing: PIR03-mod-gov-my-adly-office-directory
[2026-08-05 14:00 +08] Processing: PIR03-wikipedia-adly-zahari-profile
[2026-08-05 14:00 +08] Processing: PIR03-wikipedia-malaysian-army-melaka-nexus
[2026-08-05 14:00 +08] Processing: PIR03-wikipedia-mindef-malaysia-adly-deputy
[2026-08-05 14:00 +08] Processing: PIR03-wikipedia-royal-malaysian-navy-tldm
[2026-08-05 14:00 +08] Processing: PIR04-bharian-hmetro-mas-ermieyati-bersatu-suspension-202603
[2026-08-05 14:00 +08] Processing: PIR04-hmetro-malaysiakini-pac-cooking-oil-subsidy-2025
[2026-08-05 14:00 +08] Processing: PIR04-nst-bharian-pac-lcs-6-recommendations-202607
[2026-08-05 14:00 +08] Processing: PIR04-pac-lcs-tldm-report-dr22-2026-KEYSTONE
[2026-08-05 14:00 +08] Processing: PIR04-parlimen-gov-my-pac-official-pages
[2026-08-05 14:00 +08] Processing: PIR04-parlimen-pac-2026-reports-list
[2026-08-05 14:00 +08] Processing: PIR04-wikipedia-mas-ermieyati-pac-profile
[2026-08-05 14:00 +08] Processing: PIR05-09-10-wikipedia-2026-malacca-state-election-UPDATED-keystone
[2026-08-05 14:00 +08] Processing: PIR05-09-10-wikipedia-2026-ns-state-election-keystone
[2026-08-05 14:00 +08] Processing: PIR05-09-wikipedia-perikatan-nasional-ms
[2026-08-05 14:00 +08] Processing: PIR05-09-wikipedia-perikatan-nasional-pn-structure
[2026-08-05 14:00 +08] Processing: PIR05-10-09-wikipedia-2026-malacca-state-election-keystone
[2026-08-05 14:00 +08] Processing: PIR05-10-wikipedia-2025-sabah-state-election-context
[2026-08-05 14:00 +08] Processing: PIR05-bersama-org-official-platform
[2026-08-05 14:00 +08] Processing: PIR05-fmt-adly-appointed-reps-analyst-20260428
[2026-08-05 14:00 +08] Processing: PIR05-malaysiapost-bersama-calon-prn-melaka-awal-ogos-20260608
[2026-08-05 14:00 +08] Processing: PIR05-mediacorp-abrauf-bn-plus-20260802
[2026-08-05 14:00 +08] Processing: PIR05-utusan-bersama-calon-prn-melaka-ogos-20260608
[2026-08-05 14:00 +08] Processing: PIR05-wikipedia-2021-malacca-state-election-baseline
[2026-08-05 14:00 +08] Processing: PIR05-wikipedia-2026-johor-state-election-bnpas-pact
[2026-08-05 14:00 +08] Processing: PIR05-wikipedia-muafakat-nasional-mn-ngo
[2026-08-05 14:00 +08] Processing: PIR05-wikipedia-rafizi-bersama-malacca-focus
[2026-08-05 14:00 +08] Processing: PIR06-07-melakareport-tokrauf-bn-melaka-muar-campaign-20260702
[2026-08-05 14:00 +08] Processing: PIR06-08-astroawani-abrauf-tolak-akmal-resign-20260408
[2026-08-05 14:00 +08] Processing: PIR06-08-bernama-zahid-abrauf-akmal-mitc-melaka-20260417
[2026-08-05 14:00 +08] Processing: PIR06-bncomms-abrauf-calon-prn-seimbang-86-muka-baharu-20260430
[2026-08-05 14:00 +08] Processing: PIR06-hmetro-abrauf-tokmat-nga-resign-najib-20260701
[2026-08-05 14:00 +08] Processing: PIR08-06-fmt-akmal-komited-akur-zahid-abrauf-20260112
[2026-08-05 14:00 +08] Processing: PIR08-malaymail-akmal-no-fear-surrender-future-20260115
[2026-08-05 14:00 +08] Processing: PIR08-malaymail-akmal-zahid-muafakat-nasional-20260109
[2026-08-05 14:00 +08] Processing: PIR09-fmt-mas-ermieyati-bersatu-suspended-20260310-KEYSTONE
[2026-08-05 14:00 +08] Processing: PIR09-wikipedia-bersatu-electoral-freefall
[2026-08-05 14:00 +08] Processing: PIR09-wikipedia-mas-ermieyati-suspension-corroboration
[2026-08-05 14:00 +08] Processing: PIR09-wikipedia-samsuri-pn-chairman
[2026-08-05 14:00 +08] Processing: PIR10-bernama-adly-ph-politik-nilai-20260802
[2026-08-05 14:00 +08] Processing: PIR10-fmt-adly-ph-kerjasama-bn-adun-lantikan-20260426
[2026-08-05 14:00 +08] Processing: PIR10-malaysiagazette-adly-blok-kerajaan-20260715
[2026-08-05 14:00 +08] Processing: PIR11-fmt-adam-adli-auku-abolition-20260209
[2026-08-05 14:00 +08] Processing: PIR11-mswikipedia-adam-adli-profile
[2026-08-05 14:00 +08] Processing: PIR11-parlimen-gov-my-adam-adli-mp-profile-20260803
[2026-08-05 14:00 +08] Processing: PIR11-sinarharian-umany-adam-adli-auku-ptptn-20251218
[2026-08-05 14:00 +08] Processing: PIR11-wikipedia-adam-adli-profile
[2026-08-05 14:00 +08] Processing: PIR11-wikipedia-anwar-cabinet-reshuffle-context
[2026-08-05 14:00 +08] Processing: PIR12-13-15-wikipedia-2021-malacca-state-election-context
[2026-08-05 14:00 +08] Processing: PIR12-14-15-wikipedia-dewan-rakyat-15th-parliament-mp-verification
[2026-08-05 14:00 +08] Processing: PIR12-15-malaysiatribune-zulkifli-kekal-pesuruhjaya-pas-melaka
[2026-08-05 14:00 +08] Processing: PIR12-harakahdaily-homepage-bnpn-muafakat-context-20260804
[2026-08-05 14:00 +08] Processing: PIR12-harakah-pas-melaka-jawatankuasa-harian-2025-2027-KEYSTONE
[2026-08-05 14:00 +08] Processing: PIR12-wikipedia-jasin-federal-constituency-zulkifli
[2026-08-05 14:00 +08] Processing: PIR12-wikipedia-pas-malaysian-islamic-party
[2026-08-05 14:00 +08] Processing: PIR12-wikipedia-zulkifli-ismail-person-profile
[2026-08-05 14:00 +08] Processing: PIR13-ms-wikipedia-dewan-undangan-negeri-melaka-20260715
[2026-08-05 14:00 +08] Processing: PIR13-wikipedia-duyong-state-constituency-helmy
[2026-08-05 14:00 +08] Processing: PIR13-wikipedia-malacca-state-executive-council
[2026-08-05 14:00 +08] Processing: PIR14-15-wikipedia-dewan-rakyat-5th-session-2026-schedule
[2026-08-05 14:00 +08] Processing: PIR14-ms-wikipedia-shamsul-iskandar-pkr-melaka-chairman
[2026-08-05 14:00 +08] Processing: PIR14-wikipedia-bukit-katil-hang-tuah-jaya-shamsul-seats
[2026-08-05 14:00 +08] Processing: PIR14-wikipedia-shamsul-iskandar-person-profile-keystone
[2026-08-05 14:00 +08] Processing: PIR15-tangga-batu-pusat-khidmat-rakyat-constituency-activity
[2026-08-05 14:00 +08] Processing: PIR15-wikipedia-bakri-jamaluddin-person-profile
[2026-08-05 14:00 +08] Processing: PIR15-wikipedia-tangga-batu-federal-constituency-bakri
[2026-08-05 14:00 +08] Entity extraction complete. 363 total matches across 87 files.
[2026-08-05 14:00 +08] Output: /home/p62operator/.openclaw/workspace-mlk/04-DATA-AND-SOURCES/processed-entities/20260805
